Tue Dec 17 18:45:32 PST 2013
;; 2. Description: simplest model
;; x1. Author: ronkeizer
;; 3. Label:
$PROBLEM    PK
$INPUT      ID TIME DV AMT CMT MDV EVID WT CRCL AGE SEX CENT
$DATA       pktab1 IGNORE=@ ;
$SUBROUTINE ADVAN1 TRANS2
$PK

TVCL = THETA(1)
CL = TVCL * EXP(ETA(1))
TVV = THETA(2)
V = TVV * EXP(ETA(2))
S1 = V/1000

$ERROR

IPRED = F
ADD = SQRT(SIGMA(1,1))
W = ADD
Y = IPRED + EPS(1)
IRES = DV-IPRED
IWRES = IRES/W

$THETA  (2,10,100) ; CL
 (20,100,500) ; V
$OMEGA  BLOCK(2)
 0.2  ;     IIV CL
 0.1 0.2  ;     IIV V2
$SIGMA  100  ; Additive error PK
$ESTIMATION METHOD=1 INTER MAXEVAL=2000 NOABORT SIG=3 PRINT=1 POSTHOC
$COVARIANCE
$TABLE      ID TIME DV AMT CMT MDV EVID WT CRCL AGE SEX CENT IPRED
            IWRES NOPRINT ONEHEADER NOAPPEND FILE=mytab1
; Xpose
$TABLE      ID TIME DV MDV EVID IPRED IWRES CWRES ONEHEADER NOPRINT
            FILE=sdtab1
$TABLE      CL V ADD ONEHEADER NOPRINT FILE=patab1


NM-TRAN MESSAGES
  
 WARNINGS AND ERRORS (IF ANY) FOR PROBLEM    1
             
 (WARNING  2) NM-TRAN INFERS THAT THE DATA ARE POPULATION.
             
 (WARNING  79) SIGMA IS USED ON THE RIGHT. WITH A SUBSEQUENT RUN, IF AN
 INITIAL ESTIMATE OF A DIAGONAL BLOCK OF SIGMA IS TO BE COMPUTED BY
 NONMEM, THAT BLOCK WILL BE SET TO AN IDENTITY MATRIX DURING THAT
 COMPUTATION. THIS COULD LEAD TO AN ARITHMETIC EXCEPTION.*

 * THE MAXIMUM NUMBER OF WARNINGS OF ONE OR MORE TYPES WAS REACHED.
 IT IS POSSIBLE THAT SOME WARNING MESSAGES WERE SUPPRESSED.
 CREATING MUMODEL ROUTINE...

License Registered to: University of California, San Francisco
Expiration Date:    14 APR 2014
Current Date:       17 DEC 2013
Days until program expires : 122
1NONLINEAR MIXED EFFECTS MODEL PROGRAM (NONMEM) VERSION 7.2.0
 ORIGINALLY DEVELOPED BY STUART BEAL, LEWIS SHEINER, AND ALISON BOECKMANN
 CURRENT DEVELOPERS ARE ROBERT BAUER, ICON DEVELOPMENT SOLUTIONS,
 AND ALISON BOECKMANN. IMPLEMENTATION, EFFICIENCY, AND STANDARDIZATION
 PERFORMED BY NOUS INFOSYSTEMS.

 PROBLEM NO.:         1
 PK
0DATA CHECKOUT RUN:              NO
 DATA SET LOCATED ON UNIT NO.:    2
 THIS UNIT TO BE REWOUND:        NO
 NO. OF DATA RECS IN DATA SET:     1300
 NO. OF DATA ITEMS IN DATA SET:  12
 ID DATA ITEM IS DATA ITEM NO.:   1
 DEP VARIABLE IS DATA ITEM NO.:   3
 MDV DATA ITEM IS DATA ITEM NO.:  6
0INDICES PASSED TO SUBROUTINE PRED:
   7   2   4   0   0   0   5   0   0   0   0
0LABELS FOR DATA ITEMS:
 ID TIME DV AMT CMT MDV EVID WT CRCL AGE SEX CENT
0(NONBLANK) LABELS FOR PRED-DEFINED ITEMS:
 CL V IPRED ADD IWRES
0FORMAT FOR DATA:
 (7E10.0/5E10.0)

 TOT. NO. OF OBS RECS:     1100
 TOT. NO. OF INDIVIDUALS:    100
0LENGTH OF THETA:   2
0DEFAULT THETA BOUNDARY TEST OMITTED:    NO
0OMEGA HAS BLOCK FORM:
  1
  1  1
0DEFAULT OMEGA BOUNDARY TEST OMITTED:    NO
0SIGMA HAS SIMPLE DIAGONAL FORM WITH DIMENSION:   1
0DEFAULT SIGMA BOUNDARY TEST OMITTED:    NO
0INITIAL ESTIMATE OF THETA:
 LOWER BOUND    INITIAL EST    UPPER BOUND
  0.2000E+01     0.1000E+02     0.1000E+03
  0.2000E+02     0.1000E+03     0.5000E+03
0INITIAL ESTIMATE OF OMEGA:
 BLOCK SET NO.   BLOCK                                                                    FIXED
        1                                                                                   NO
                  0.2000E+00
                  0.1000E+00   0.2000E+00
0INITIAL ESTIMATE OF SIGMA:
 0.1000E+03
0ESTIMATION STEP OMITTED:           NO
 CONDITIONAL ESTIMATES USED:       YES
 CENTERED ETA:                      NO
 EPS-ETA INTERACTION:              YES
 LAPLACIAN OBJ. FUNC.:              NO
 NO. OF FUNCT. EVALS. ALLOWED:       2000
 NO. OF SIG. FIGURES REQUIRED:       3
 INTERMEDIATE PRINTOUT:            YES
 ESTIMATE OUTPUT TO MSF:            NO
 ABORT WITH PRED EXIT CODE 1:       NO
 IND. OBJ. FUNC. VALUES SORTED:     NO
0COVARIANCE STEP OMITTED:    NO
 EIGENVLS. PRINTED:          NO
 SPECIAL COMPUTATION:        NO
 COMPRESSED FORMAT:          NO
0TABLES STEP OMITTED:    NO
 NO. OF TABLES:           3
0-- TABLE   1 --
04 COLUMNS APPENDED:     NO
 PRINTED:                NO
 HEADERS:               ONE
 FILE TO BE FORWARDED:   NO
0USER-CHOSEN ITEMS:
 ID TIME DV AMT CMT MDV EVID WT CRCL AGE SEX CENT IPRED IWRES
0-- TABLE   2 --
 PRINTED:                NO
 HEADERS:               ONE
 FILE TO BE FORWARDED:   NO
0USER-CHOSEN ITEMS:
 ID TIME DV MDV EVID IPRED IWRES CWRES
0-- TABLE   3 --
 PRINTED:                NO
 HEADERS:               ONE
 FILE TO BE FORWARDED:   NO
0USER-CHOSEN ITEMS:
 CL V ADD

 THE FOLLOWING LABELS ARE EQUIVALENT
 PRED=PREDI
 RES=RESI
 WRES=WRESI
1DOUBLE PRECISION PREDPP VERSION 7.2.0

 ONE COMPARTMENT MODEL (ADVAN1)
0MAXIMUM NO. OF BASIC PK PARAMETERS:   2
0BASIC PK PARAMETERS (AFTER TRANSLATION):
   ELIMINATION RATE (K) IS BASIC PK PARAMETER NO.:  1

 TRANSLATOR WILL CONVERT PARAMETERS
 CLEARANCE (CL) AND VOLUME (V) TO K (TRANS2)
0COMPARTMENT ATTRIBUTES
 COMPT. NO.   FUNCTION   INITIAL    ON/OFF      DOSE      DEFAULT    DEFAULT
                         STATUS     ALLOWED    ALLOWED    FOR DOSE   FOR OBS.
    1         CENTRAL      ON         NO         YES        YES        YES
    2         OUTPUT       OFF        YES        NO         NO         NO
1
 ADDITIONAL PK PARAMETERS - ASSIGNMENT OF ROWS IN GG
 COMPT. NO.                             INDICES
              SCALE      BIOAVAIL.   ZERO-ORDER  ZERO-ORDER  ABSORB
                         FRACTION    RATE        DURATION    LAG
    1           3           *           *           *           *
    2           *           -           -           -           -
             - PARAMETER IS NOT ALLOWED FOR THIS MODEL
             * PARAMETER IS NOT SUPPLIED BY PK SUBROUTINE;
               WILL DEFAULT TO ONE IF APPLICABLE
0DATA ITEM INDICES USED BY PRED ARE:
   EVENT ID DATA ITEM IS DATA ITEM NO.:      7
   TIME DATA ITEM IS DATA ITEM NO.:          2
   DOSE AMOUNT DATA ITEM IS DATA ITEM NO.:   4
   COMPT. NO. DATA ITEM IS DATA ITEM NO.:    5

0PK SUBROUTINE CALLED WITH EVERY EVENT RECORD.
 PK SUBROUTINE NOT CALLED AT NONEVENT (ADDITIONAL OR LAGGED) DOSE TIMES.
0ERROR SUBROUTINE CALLED WITH EVERY EVENT RECORD.
1


 #TBLN:      1
 #METH: First Order Conditional Estimation with Interaction

 MONITORING OF SEARCH:


0ITERATION NO.:    0    OBJECTIVE VALUE:   160968.077965003        NO. OF FUNC. EVALS.:   5
 CUMULATIVE NO. OF FUNC. EVALS.:        5
 NPARAMETR:  1.0000E+01  1.0000E+02  2.0000E-01  1.0000E-01  2.0000E-01  1.0000E+02
 PARAMETER:  1.0000E-01  1.0000E-01  1.0000E-01  1.0000E-01  1.0000E-01  1.0000E-01
 GRADIENT:   2.9600E+02  8.9024E+01  6.5575E+01  2.8608E+00  7.9226E+01 -3.0650E+05

0ITERATION NO.:    1    OBJECTIVE VALUE:   54317.9417221015        NO. OF FUNC. EVALS.:   6
 CUMULATIVE NO. OF FUNC. EVALS.:       11
 NPARAMETR:  9.9957E+00  9.9988E+01  1.9995E-01  9.9982E-02  1.9995E-01  3.3201E+02
 PARAMETER:  9.9421E-02  9.9826E-02  9.9872E-02  9.9994E-02  9.9845E-02  7.0000E-01
 GRADIENT:   2.5907E+02 -4.0027E+01  6.5985E+01  1.2937E+00  7.9493E+01 -9.1001E+04

0ITERATION NO.:    2    OBJECTIVE VALUE:   54231.8804573693        NO. OF FUNC. EVALS.:   6
 CUMULATIVE NO. OF FUNC. EVALS.:       17
 NPARAMETR:  8.0612E+00  1.0801E+02  1.7003E-01  9.1485E-02  1.7261E-01  3.3223E+02
 PARAMETER: -1.9884E-01  2.1562E-01  1.8828E-02  9.9220E-02  2.3271E-03  7.0033E-01
 GRADIENT:   2.0319E+01  2.0008E+02  1.4474E+02 -2.5206E+02  6.6463E+01 -9.0939E+04

0ITERATION NO.:    3    OBJECTIVE VALUE:   54205.4734653574        NO. OF FUNC. EVALS.:   8
 CUMULATIVE NO. OF FUNC. EVALS.:       25
 NPARAMETR:  7.4715E+00  1.0774E+02  1.4653E-01  1.5219E-01  2.6842E-01  3.3234E+02
 PARAMETER: -3.0759E-01  2.1182E-01 -5.5545E-02  1.7781E-01 -5.3523E-02  7.0050E-01
 GRADIENT:  -1.5119E+02  2.7085E+02  8.8185E+01  1.1785E+02  4.7976E+01 -9.0908E+04

0ITERATION NO.:    4    OBJECTIVE VALUE:   54133.1435004531        NO. OF FUNC. EVALS.:   6
 CUMULATIVE NO. OF FUNC. EVALS.:       31
 NPARAMETR:  6.5052E+00  9.2414E+01  7.5240E-02  3.8450E-02  8.4650E-02  3.3291E+02
 PARAMETER: -5.1231E-01 -1.8411E-02 -3.8881E-01  6.2688E-02 -3.1811E-01  7.0135E-01
 GRADIENT:  -2.6004E+02  1.1393E+02 -1.3457E+01 -5.6112E+02 -4.3140E+01 -9.0750E+04

0ITERATION NO.:    5    OBJECTIVE VALUE:   53826.3555164496        NO. OF FUNC. EVALS.:   7
 CUMULATIVE NO. OF FUNC. EVALS.:       38
 NPARAMETR:  7.4442E+00  1.0707E+02  5.6338E-02  3.5563E-02  4.7509E-02  3.3581E+02
 PARAMETER: -3.1290E-01  2.0252E-01 -5.3348E-01  6.7006E-02 -7.9467E-01  7.0568E-01
 GRADIENT:  -4.2350E+02  6.9970E+02  4.5918E+01 -1.2286E+03 -4.6569E+02 -8.9957E+04

0ITERATION NO.:    6    OBJECTIVE VALUE:   29655.8903109142        NO. OF FUNC. EVALS.:   9
 CUMULATIVE NO. OF FUNC. EVALS.:       47
 NPARAMETR:  9.8281E+00  1.2443E+02  2.1829E-02  5.2822E-02  1.7350E-01  7.5783E+02
 PARAMETER:  7.6374E-02  4.2953E-01 -1.0075E+00  1.5989E-01 -4.9446E-01  1.1126E+00
 GRADIENT:   3.7743E+03 -7.4089E+02 -2.2363E+03  9.2088E+03 -8.5102E+02 -3.9099E+04

0ITERATION NO.:    7    OBJECTIVE VALUE:   28467.7542188122        NO. OF FUNC. EVALS.:   6
 CUMULATIVE NO. OF FUNC. EVALS.:       53
 NPARAMETR:  8.3287E+00  9.1014E+01  1.3361E-01  2.0717E-01  3.3609E-01  7.9343E+02
 PARAMETER: -1.5275E-01 -4.1368E-02 -1.0171E-01  2.5347E-01 -1.0564E+00  1.1356E+00
 GRADIENT:   2.3520E+03 -1.3539E+03 -6.8994E+02  3.1255E+03 -9.5478E+02 -3.7260E+04

0ITERATION NO.:    8    OBJECTIVE VALUE:   26953.9175560422        NO. OF FUNC. EVALS.:   6
 CUMULATIVE NO. OF FUNC. EVALS.:       59
 NPARAMETR:  8.1638E+00  1.0738E+02  7.2055E-02  9.1707E-02  1.6405E-01  8.4114E+02
 PARAMETER: -1.8095E-01  2.0684E-01 -4.1045E-01  1.5279E-01 -4.7677E-01  1.1648E+00
 GRADIENT:   5.1036E+01  9.9407E+01 -7.9787E+01  6.2060E+02 -8.9398E+01 -3.4824E+04

0ITERATION NO.:    9    OBJECTIVE VALUE:   18525.6358885067        NO. OF FUNC. EVALS.:   8
 CUMULATIVE NO. OF FUNC. EVALS.:       67
 NPARAMETR:  8.7396E+00  1.0947E+02  5.4001E-02  2.5132E-03  8.1462E-02  1.6770E+03
 PARAMETER: -8.5351E-02  2.3585E-01 -5.5466E-01  4.8366E-03 -2.0597E-01  1.5098E+00
 GRADIENT:   3.2567E+02  2.0051E+02 -8.3519E+01 -1.6374E+03 -1.1672E+02 -1.6559E+04

0ITERATION NO.:   10    OBJECTIVE VALUE:   15317.6012692032        NO. OF FUNC. EVALS.:  10
 CUMULATIVE NO. OF FUNC. EVALS.:       77
 NPARAMETR:  5.3204E+00  7.4934E+01  8.1574E-01  9.4750E-01  1.1258E+00  2.9123E+03
 PARAMETER: -8.3006E-01 -3.3667E-01  8.0289E-01  4.6915E-01 -7.9046E-01  1.7858E+00
 GRADIENT:  -7.6831E+02  6.9377E+02 -3.0611E+02  9.8298E+02 -3.2124E+02 -8.8512E+03

0ITERATION NO.:   11    OBJECTIVE VALUE:   13257.7484330066        NO. OF FUNC. EVALS.:   6
 CUMULATIVE NO. OF FUNC. EVALS.:       83
 NPARAMETR:  8.1342E+00  6.7085E+01  1.2856E+02  1.7618E+01  2.6207E+00  8.8360E+03
 PARAMETER: -1.8607E-01 -5.0915E-01  3.3329E+00  6.9492E-01  2.5900E-01  2.3407E+00
 GRADIENT:   3.6496E+01 -2.2199E+02  2.0463E+02 -6.8541E+00 -3.9828E+01 -1.6808E+03

0ITERATION NO.:   12    OBJECTIVE VALUE:   12805.0409954615        NO. OF FUNC. EVALS.:   7
 CUMULATIVE NO. OF FUNC. EVALS.:       90
 NPARAMETR:  9.4201E+00  7.7860E+01  8.0514E+00  2.0936E+00  1.6051E+00  1.4393E+04
 PARAMETER:  1.8333E-02 -2.7786E-01  1.9476E+00  3.2997E-01  1.0780E+00  2.5847E+00
 GRADIENT:   1.3879E+01 -3.1332E+01  1.9617E+02  2.2601E+00  1.6561E+02 -3.3327E+02

0ITERATION NO.:   13    OBJECTIVE VALUE:   12549.4874529076        NO. OF FUNC. EVALS.:   6
 CUMULATIVE NO. OF FUNC. EVALS.:       96
 NPARAMETR:  9.0529E+00  8.1687E+01  3.3290E-01  4.4078E-03  1.8218E+00  1.7755E+04
 PARAMETER: -3.6472E-02 -2.0472E-01  3.5476E-01  3.4165E-03  1.3484E+00  2.6896E+00
 GRADIENT:   6.5717E+01 -1.1524E+01  1.3838E+02 -1.1832E+01  1.8174E+02  7.9865E+01

0ITERATION NO.:   14    OBJECTIVE VALUE:   12482.8938482104        NO. OF FUNC. EVALS.:   9
 CUMULATIVE NO. OF FUNC. EVALS.:      105
 NPARAMETR:  8.4083E+00  8.1727E+01  5.4229E-02 -8.3613E-02  1.9919E+00  1.8750E+04
 PARAMETER: -1.3937E-01 -2.0398E-01 -5.5255E-01 -1.6057E-01  1.3597E+00  2.7169E+00
 GRADIENT:   2.0702E+02 -2.3083E+00 -5.5764E+00 -1.0677E+02  1.6028E+02  1.6147E+02

0ITERATION NO.:   15    OBJECTIVE VALUE:   12414.2178981815        NO. OF FUNC. EVALS.:   6
 CUMULATIVE NO. OF FUNC. EVALS.:      111
 NPARAMETR:  6.9356E+00  7.3744E+01  3.7138E-02 -5.4038E-02  8.9642E-01  1.7085E+04
 PARAMETER: -4.1645E-01 -3.6137E-01 -7.4183E-01 -1.2540E-01  9.4799E-01  2.6704E+00
 GRADIENT:  -1.9144E+02 -5.0355E+01  1.6031E-01 -2.3147E+02  1.0264E+02 -4.0805E+01

0ITERATION NO.:   16    OBJECTIVE VALUE:   12384.8748529156        NO. OF FUNC. EVALS.:   6
 CUMULATIVE NO. OF FUNC. EVALS.:      117
 NPARAMETR:  7.1676E+00  7.5541E+01  8.1604E-02 -3.0086E-02  5.9954E-01  1.5996E+04
 PARAMETER: -3.6802E-01 -3.2427E-01 -3.4822E-01 -4.7101E-02  7.8343E-01  2.6375E+00
 GRADIENT:  -8.6448E+01 -5.8295E+01  6.2025E+01 -1.8878E+02  1.1550E+02 -1.1439E+02

0ITERATION NO.:   17    OBJECTIVE VALUE:   12350.5283760134        NO. OF FUNC. EVALS.:   6
 CUMULATIVE NO. OF FUNC. EVALS.:      123
 NPARAMETR:  7.0289E+00  7.9137E+01  1.5684E-01  4.8103E-02  2.0212E-01  1.3918E+04
 PARAMETER: -3.9671E-01 -2.5302E-01 -2.1548E-02  5.4320E-02  2.1123E-01  2.5679E+00
 GRADIENT:  -3.3522E+01 -1.2502E+02  1.1850E+02 -3.0286E+02  6.2505E+01 -3.8869E+02

0ITERATION NO.:   18    OBJECTIVE VALUE:   12304.1717648742        NO. OF FUNC. EVALS.:   6
 CUMULATIVE NO. OF FUNC. EVALS.:      129
 NPARAMETR:  6.8744E+00  8.8675E+01  1.2891E-01  6.5206E-02  9.1011E-02  1.3346E+04
 PARAMETER: -4.2957E-01 -8.0553E-02 -1.1960E-01  8.1218E-02 -3.7485E-01  2.5469E+00
 GRADIENT:  -7.7959E+01 -7.6715E+01  1.1919E+02 -6.5485E+02 -3.1936E+01 -4.8719E+02

0ITERATION NO.:   19    OBJECTIVE VALUE:   12279.0156119038        NO. OF FUNC. EVALS.:   6
 CUMULATIVE NO. OF FUNC. EVALS.:      135
 NPARAMETR:  6.8896E+00  9.4749E+01  1.0302E-01  6.0768E-02  8.1654E-02  1.4334E+04
 PARAMETER: -4.2630E-01  1.9068E-02 -2.3168E-01  8.4668E-02 -4.9305E-01  2.5826E+00
 GRADIENT:  -1.6938E+02  7.5596E+01  1.0080E+02 -6.3345E+02 -6.0096E+01 -3.3224E+02

0ITERATION NO.:   20    OBJECTIVE VALUE:   12257.3959045664        NO. OF FUNC. EVALS.:   6
 CUMULATIVE NO. OF FUNC. EVALS.:      141
 NPARAMETR:  7.0567E+00  9.6206E+01  6.6959E-02  2.8122E-02  9.4457E-02  1.7114E+04
 PARAMETER: -3.9092E-01  4.1974E-02 -4.4712E-01  4.8602E-02 -1.9803E-01  2.6713E+00
 GRADIENT:  -1.2078E+02  1.1076E+01  5.5040E+01 -5.6672E+02 -4.6590E+00  2.6735E+01

0ITERATION NO.:   21    OBJECTIVE VALUE:   12245.5590722499        NO. OF FUNC. EVALS.:   6
 CUMULATIVE NO. OF FUNC. EVALS.:      147
 NPARAMETR:  7.0807E+00  9.8310E+01  8.3624E-02  6.1808E-02  1.1561E-01  1.7391E+04
 PARAMETER: -3.8591E-01  7.4433E-02 -3.3599E-01  9.5586E-02 -2.8159E-01  2.6793E+00
 GRADIENT:  -1.5262E+02  8.1054E+01  7.5442E+01 -2.7313E+02  1.4222E+01  6.0138E+01

0ITERATION NO.:   22    OBJECTIVE VALUE:   12232.7850990637        NO. OF FUNC. EVALS.:   7
 CUMULATIVE NO. OF FUNC. EVALS.:      154
 NPARAMETR:  7.2165E+00  1.0226E+02  6.7830E-02  8.6757E-02  1.5810E-01  1.7486E+04
 PARAMETER: -3.5807E-01  1.3354E-01 -4.4065E-01  1.4897E-01 -4.7885E-01  2.6820E+00
 GRADIENT:  -2.4787E+02  1.6063E+02  5.0300E+01  4.5520E+01  4.5207E+00  5.0495E+01

0ITERATION NO.:   23    OBJECTIVE VALUE:   12217.3889297392        NO. OF FUNC. EVALS.:   6
 CUMULATIVE NO. OF FUNC. EVALS.:      160
 NPARAMETR:  7.7152E+00  1.0525E+02  4.7698E-02  7.6606E-02  1.6904E-01  1.7508E+04
 PARAMETER: -2.6138E-01  1.7673E-01 -6.1671E-01  1.5686E-01 -4.9092E-01  2.6826E+00
 GRADIENT:  -6.1793E+01  8.0322E+01  4.1699E+00  1.9079E+02  2.5818E+01  5.4510E+01

0ITERATION NO.:   24    OBJECTIVE VALUE:   12211.8704223349        NO. OF FUNC. EVALS.:   6
 CUMULATIVE NO. OF FUNC. EVALS.:      166
 NPARAMETR:  7.7653E+00  1.0100E+02  4.1286E-02  5.3270E-02  1.1440E-01  1.6138E+04
 PARAMETER: -2.5211E-01  1.1489E-01 -6.8890E-01  1.1725E-01 -4.9466E-01  2.6419E+00
 GRADIENT:   9.2437E+00  3.3547E+01  7.6444E-01 -1.0834E+02  1.8622E+01 -9.1784E+01

0ITERATION NO.:   25    OBJECTIVE VALUE:   12209.6771934206        NO. OF FUNC. EVALS.:   6
 CUMULATIVE NO. OF FUNC. EVALS.:      172
 NPARAMETR:  7.7080E+00  1.0054E+02  4.2474E-02  6.1542E-02  1.3029E-01  1.6345E+04
 PARAMETER: -2.6272E-01  1.0814E-01 -6.7472E-01  1.3355E-01 -5.4712E-01  2.6483E+00
 GRADIENT:  -8.4919E+00  3.1100E+01 -2.5315E+00  5.5589E+01  1.9542E+01 -7.3315E+01

0ITERATION NO.:   26    OBJECTIVE VALUE:   12207.3313158216        NO. OF FUNC. EVALS.:   6
 CUMULATIVE NO. OF FUNC. EVALS.:      178
 NPARAMETR:  7.5556E+00  9.7850E+01  4.1176E-02  6.2274E-02  1.2805E-01  1.6900E+04
 PARAMETER: -2.9142E-01  6.7399E-02 -6.9023E-01  1.3724E-01 -6.4406E-01  2.6650E+00
 GRADIENT:  -4.2227E+01  1.9198E+01 -2.1494E+00  6.7136E+01  1.2409E+01 -1.7158E+01

0ITERATION NO.:   27    OBJECTIVE VALUE:   12206.2955608476        NO. OF FUNC. EVALS.:   6
 CUMULATIVE NO. OF FUNC. EVALS.:      184
 NPARAMETR:  7.5876E+00  9.6761E+01  3.8777E-02  6.0197E-02  1.2233E-01  1.7041E+04
 PARAMETER: -2.8534E-01  5.0607E-02 -7.2025E-01  1.3671E-01 -7.2365E-01  2.6691E+00
 GRADIENT:  -8.2380E+00 -6.5420E+00 -8.3652E+00  6.0994E+01  8.5693E+00 -8.1820E+00

0ITERATION NO.:   28    OBJECTIVE VALUE:   12205.8111088464        NO. OF FUNC. EVALS.:   6
 CUMULATIVE NO. OF FUNC. EVALS.:      190
 NPARAMETR:  7.6387E+00  9.6507E+01  3.9350E-02  5.8391E-02  1.1014E-01  1.7285E+04
 PARAMETER: -2.7569E-01  4.6659E-02 -7.1291E-01  1.3164E-01 -8.2698E-01  2.6762E+00
 GRADIENT:   6.8028E+00 -1.5508E+01 -7.9800E-01 -6.4038E+01  4.4071E-01  1.4427E+01

0ITERATION NO.:   29    OBJECTIVE VALUE:   12205.5220230552        NO. OF FUNC. EVALS.:   6
 CUMULATIVE NO. OF FUNC. EVALS.:      196
 NPARAMETR:  7.6652E+00  9.7229E+01  4.0056E-02  6.1004E-02  1.1595E-01  1.7225E+04
 PARAMETER: -2.7072E-01  5.7843E-02 -7.0402E-01  1.3631E-01 -8.3676E-01  2.6745E+00
 GRADIENT:   9.1809E+00 -8.3622E+00 -2.4157E+00  2.1866E-01  1.8235E+00  6.2582E+00

0ITERATION NO.:   30    OBJECTIVE VALUE:   12205.4654346708        NO. OF FUNC. EVALS.:   6
 CUMULATIVE NO. OF FUNC. EVALS.:      202
 NPARAMETR:  7.6666E+00  9.7519E+01  4.0936E-02  6.2342E-02  1.1719E-01  1.7179E+04
 PARAMETER: -2.7046E-01  6.2320E-02 -6.9315E-01  1.3780E-01 -8.5409E-01  2.6731E+00
 GRADIENT:   1.5870E+00 -1.5634E+00 -2.1778E-02  3.0664E+00  8.7285E-01  3.8261E-01

0ITERATION NO.:   31    OBJECTIVE VALUE:   12205.4514155811        NO. OF FUNC. EVALS.:   6
 CUMULATIVE NO. OF FUNC. EVALS.:      208
 NPARAMETR:  7.6743E+00  9.7701E+01  4.0967E-02  6.2718E-02  1.1701E-01  1.7198E+04
 PARAMETER: -2.6901E-01  6.5112E-02 -6.9278E-01  1.3858E-01 -8.8335E-01  2.6737E+00
 GRADIENT:   3.7184E-01  1.1166E+00  6.7159E-01  3.5213E-01 -2.2137E-01  7.9042E-02

0ITERATION NO.:   32    OBJECTIVE VALUE:   12205.4509174482        NO. OF FUNC. EVALS.:   6
 CUMULATIVE NO. OF FUNC. EVALS.:      214
 NPARAMETR:  7.6717E+00  9.7652E+01  4.0884E-02  6.2580E-02  1.1692E-01  1.7196E+04
 PARAMETER: -2.6950E-01  6.4352E-02 -6.9379E-01  1.3841E-01 -8.8000E-01  2.6736E+00
 GRADIENT:   3.4550E-01  5.6649E-01  4.5825E-01  2.6180E-01 -1.0329E-01  8.8233E-02

0ITERATION NO.:   33    OBJECTIVE VALUE:   12205.4508796174        NO. OF FUNC. EVALS.:   6
 CUMULATIVE NO. OF FUNC. EVALS.:      220
 NPARAMETR:  7.6708E+00  9.7637E+01  4.0844E-02  6.2526E-02  1.1688E-01  1.7196E+04
 PARAMETER: -2.6967E-01  6.4130E-02 -6.9428E-01  1.3836E-01 -8.7927E-01  2.6736E+00
 GRADIENT:   2.9368E-01  4.2607E-01  3.7152E-01  2.0702E-01 -7.5405E-02  8.9019E-02

0ITERATION NO.:   34    OBJECTIVE VALUE:   12205.4508796174        NO. OF FUNC. EVALS.:   9
 CUMULATIVE NO. OF FUNC. EVALS.:      229
 NPARAMETR:  7.6708E+00  9.7637E+01  4.0844E-02  6.2526E-02  1.1688E-01  1.7196E+04
 PARAMETER: -2.6967E-01  6.4130E-02 -6.9428E-01  1.3836E-01 -8.7927E-01  2.6736E+00
 GRADIENT:  -4.1931E-01 -6.4564E-01  3.7152E-01  2.0702E-01 -7.5405E-02 -5.8085E+00

0ITERATION NO.:   35    OBJECTIVE VALUE:   12205.4453986777        NO. OF FUNC. EVALS.:  11
 CUMULATIVE NO. OF FUNC. EVALS.:      240
 NPARAMETR:  7.6734E+00  9.7712E+01  4.0665E-02  6.2356E-02  1.1675E-01  1.7244E+04
 PARAMETER: -2.6917E-01  6.5273E-02 -6.9648E-01  1.3829E-01 -8.8004E-01  2.6750E+00
 GRADIENT:  -7.9287E-02  1.7656E-02  8.4074E-02 -1.5211E-02  3.7998E-02 -6.3015E-01

0ITERATION NO.:   36    OBJECTIVE VALUE:   12205.4452695454        NO. OF FUNC. EVALS.:   9
 CUMULATIVE NO. OF FUNC. EVALS.:      249
 NPARAMETR:  7.6737E+00  9.7714E+01  4.0620E-02  6.2331E-02  1.1671E-01  1.7251E+04
 PARAMETER: -2.6913E-01  6.5302E-02 -6.9703E-01  1.3831E-01 -8.8156E-01  2.6752E+00
 GRADIENT:   5.8008E-02 -2.3311E-02  8.9618E-03  4.1184E-02  1.5408E-02  2.2421E-02

0ITERATION NO.:   37    OBJECTIVE VALUE:   12205.4452695454        NO. OF FUNC. EVALS.:   6
 CUMULATIVE NO. OF FUNC. EVALS.:      255
 NPARAMETR:  7.6737E+00  9.7714E+01  4.0620E-02  6.2331E-02  1.1671E-01  1.7251E+04
 PARAMETER: -2.6913E-01  6.5302E-02 -6.9703E-01  1.3831E-01 -8.8156E-01  2.6752E+00
 GRADIENT:   5.8008E-02 -2.3311E-02  8.9618E-03  4.1184E-02  1.5408E-02  2.2421E-02

 #TERM:
0MINIMIZATION SUCCESSFUL
 NO. OF FUNCTION EVALUATIONS USED:      255
 NO. OF SIG. DIGITS IN FINAL EST.:  3.4

 ETABAR IS THE ARITHMETIC MEAN OF THE ETA-ESTIMATES,
 AND THE P-VALUE IS GIVEN FOR THE NULL HYPOTHESIS THAT THE TRUE MEAN IS 0.

 ETABAR:        -2.8232E-03 -4.4803E-03
 SE:             1.8615E-02  3.3272E-02

 P VAL.:         8.7945E-01  8.9289E-01

 ETAshrink(%):   7.1714E+00  2.1157E+00
 EPSshrink(%):   5.6979E+00

 #TERE:
 Elapsed estimation time in seconds:     9.07
 Elapsed covariance time in seconds:     1.56
1
 
 
 
 
 
 
 
 
 
 
 
 
 
 
 
 
 
 
 
 
 ************************************************************************************************************************
 ********************                                                                                ********************
 ********************               FIRST ORDER CONDITIONAL ESTIMATION WITH INTERACTION              ********************
 #OBJT:**************                       MINIMUM VALUE OF OBJECTIVE FUNCTION                      ********************
 ********************                                                                                ********************
 ************************************************************************************************************************
 





 #OBJV:********************************************    12205.445       **************************************************
1
 ************************************************************************************************************************
 ********************                                                                                ********************
 ********************               FIRST ORDER CONDITIONAL ESTIMATION WITH INTERACTION              ********************
 ********************                             FINAL PARAMETER ESTIMATE                           ********************
 ********************                                                                                ********************
 ************************************************************************************************************************
 


 THETA - VECTOR OF FIXED EFFECTS PARAMETERS   *********


         TH 1      TH 2     
 
         7.67E+00  9.77E+01
 


 OMEGA - COV MATRIX FOR RANDOM EFFECTS - ETAS  ********


            ETA1      ETA2   
 
 ETA1
+        4.06E-02
 
 ETA2
+        6.23E-02  1.17E-01
 


 SIGMA - COV MATRIX FOR RANDOM EFFECTS - EPSILONS  ****


            EPS1   
 
 EPS1
+        1.73E+04
 
1


 OMEGA - CORR MATRIX FOR RANDOM EFFECTS - ETAS  *******


            ETA1      ETA2   
 
 ETA1
+        2.02E-01
 
 ETA2
+        9.05E-01  3.42E-01
 


 SIGMA - CORR MATRIX FOR RANDOM EFFECTS - EPSILONS  ***


            EPS1   
 
 EPS1
+        1.31E+02
 
1
 ************************************************************************************************************************
 ********************                                                                                ********************
 ********************               FIRST ORDER CONDITIONAL ESTIMATION WITH INTERACTION              ********************
 ********************                            STANDARD ERROR OF ESTIMATE                          ********************
 ********************                                                                                ********************
 ************************************************************************************************************************
 


 THETA - VECTOR OF FIXED EFFECTS PARAMETERS   *********


         TH 1      TH 2     
 
         2.00E-01  3.44E+00
 


 OMEGA - COV MATRIX FOR RANDOM EFFECTS - ETAS  ********


            ETA1      ETA2   
 
 ETA1
+        8.61E-03
 
 ETA2
+        9.33E-03  1.53E-02
 


 SIGMA - COV MATRIX FOR RANDOM EFFECTS - EPSILONS  ****


            EPS1   
 
 EPS1
+        1.42E+03
 
1


 OMEGA - CORR MATRIX FOR RANDOM EFFECTS - ETAS  *******


            ETA1      ETA2   
 
 ETA1
+        2.14E-02
 
 ETA2
+        5.75E-02  2.24E-02
 


 SIGMA - CORR MATRIX FOR RANDOM EFFECTS - EPSILONS  ***


            EPS1   
 
 EPS1
+        5.39E+00
 
1
 ************************************************************************************************************************
 ********************                                                                                ********************
 ********************               FIRST ORDER CONDITIONAL ESTIMATION WITH INTERACTION              ********************
 ********************                          COVARIANCE MATRIX OF ESTIMATE                         ********************
 ********************                                                                                ********************
 ************************************************************************************************************************
 

            TH 1      TH 2      OM11      OM12      OM22      SG11
 
 TH 1
+        4.00E-02
 
 TH 2
+        4.66E-01  1.18E+01
 
 OM11
+        3.55E-04  6.31E-03  7.42E-05
 
 OM12
+        2.65E-04  4.75E-03  6.15E-05  8.71E-05
 
 OM22
+        3.32E-04  4.74E-03  3.80E-05  9.94E-05  2.35E-04
 
 SG11
+       -1.88E+02 -4.20E+03 -1.57E+00  1.39E+00  4.49E+00  2.00E+06
 
1
 ************************************************************************************************************************
 ********************                                                                                ********************
 ********************               FIRST ORDER CONDITIONAL ESTIMATION WITH INTERACTION              ********************
 ********************                          CORRELATION MATRIX OF ESTIMATE                        ********************
 ********************                                                                                ********************
 ************************************************************************************************************************
 

            TH 1      TH 2      OM11      OM12      OM22      SG11
 
 TH 1
+        2.00E-01
 
 TH 2
+        6.78E-01  3.44E+00
 
 OM11
+        2.06E-01  2.13E-01  8.61E-03
 
 OM12
+        1.42E-01  1.48E-01  7.65E-01  9.33E-03
 
 OM22
+        1.08E-01  8.99E-02  2.88E-01  6.95E-01  1.53E-02
 
 SG11
+       -6.64E-01 -8.62E-01 -1.29E-01  1.05E-01  2.07E-01  1.42E+03
 
1
 ************************************************************************************************************************
 ********************                                                                                ********************
 ********************               FIRST ORDER CONDITIONAL ESTIMATION WITH INTERACTION              ********************
 ********************                      INVERSE COVARIANCE MATRIX OF ESTIMATE                     ********************
 ********************                                                                                ********************
 ************************************************************************************************************************
 

            TH 1      TH 2      OM11      OM12      OM22      SG11
 
 TH 1
+        5.14E+01
 
 TH 2
+       -5.67E-01  4.99E-01
 
 OM11
+       -2.18E+01  2.85E+01  5.02E+04
 
 OM12
+       -4.12E+01 -4.52E+01 -5.10E+04  7.49E+04
 
 OM22
+       -1.15E+02 -1.54E+01  1.09E+04 -1.97E+04  1.22E+04
 
 SG11
+        3.90E-03  1.08E-03  1.08E-01 -1.46E-01 -4.82E-02  3.42E-06
 
Stop Time:
Tue Dec 17 18:46:06 PST 2013
This file was created using /opt/NONMEM/nm72g/run/nmfe72
Started  Tue Dec 17 18:45:32 2013
Finished Tue Dec 17 18:46:06 2013
