Tue Dec 25 00:02:36 CET 2012
;; 2. Description: simplest model
;; x1. Author: ronkeizer
;; 3. Label:
$PROBLEM    PK
$INPUT      ID TIME DV AMT CMT MDV EVID WT CRCL AGE SEX CENT
$DATA       pktab1 IGNORE=@ ;
$SUBROUTINE ADVAN1 TRANS2
$PK

TVCL = THETA(1)
CL = TVCL * EXP(ETA(1))
TVV = THETA(2)
V = TVV * EXP(ETA(2))
S1 = V/1000

$ERROR

IPRED = F
ADD = SQRT(SIGMA(1,1))
W = ADD
Y = IPRED + EPS(1)
IRES = DV-IPRED
IWRES = IRES/W

$THETA  (2,10,100) ; CL
 (20,100,500) ; V
$OMEGA  BLOCK(2)
 0.2  ;     IIV CL
 0.1 0.2  ;     IIV V2
$SIGMA  100  ; Additive error PK
$ESTIMATION METHOD=1 INTER MAXEVAL=2000 NOABORT SIG=3 PRINT=1 POSTHOC
$COVARIANCE
$TABLE      ID TIME DV AMT CMT MDV EVID WT CRCL AGE SEX CENT IPRED
            IWRES NOPRINT ONEHEADER NOAPPEND FILE=mytab1
; Xpose
$TABLE      ID TIME DV MDV EVID IPRED IWRES CWRES ONEHEADER NOPRINT
            FILE=sdtab1
$TABLE      CL V ADD ONEHEADER NOPRINT FILE=patab1


NM-TRAN MESSAGES
  
 WARNINGS AND ERRORS (IF ANY) FOR PROBLEM    1
             
 (WARNING  2) NM-TRAN INFERS THAT THE DATA ARE POPULATION.
             
 (WARNING  79) SIGMA IS USED ON THE RIGHT. WITH A SUBSEQUENT RUN, IF AN
 INITIAL ESTIMATE OF A DIAGONAL BLOCK OF SIGMA IS TO BE COMPUTED BY
 NONMEM, THAT BLOCK WILL BE SET TO AN IDENTITY MATRIX DURING THAT
 COMPUTATION. THIS COULD LEAD TO AN ARITHMETIC EXCEPTION.*

 * THE MAXIMUM NUMBER OF WARNINGS OF ONE OR MORE TYPES WAS REACHED.
 IT IS POSSIBLE THAT SOME WARNING MESSAGES WERE SUPPRESSED.
 CREATING MUMODEL ROUTINE...

License Registered to: Uppsala University
Expiration Date:    14 MAR 2013
Current Date:       25 DEC 2012
Days until program expires :  84
1NONLINEAR MIXED EFFECTS MODEL PROGRAM (NONMEM) VERSION 7.2.0
 ORIGINALLY DEVELOPED BY STUART BEAL, LEWIS SHEINER, AND ALISON BOECKMANN
 CURRENT DEVELOPERS ARE ROBERT BAUER, ICON DEVELOPMENT SOLUTIONS,
 AND ALISON BOECKMANN. IMPLEMENTATION, EFFICIENCY, AND STANDARDIZATION
 PERFORMED BY NOUS INFOSYSTEMS.

 PROBLEM NO.:         1
 PK
0DATA CHECKOUT RUN:              NO
 DATA SET LOCATED ON UNIT NO.:    2
 THIS UNIT TO BE REWOUND:        NO
 NO. OF DATA RECS IN DATA SET:     1300
 NO. OF DATA ITEMS IN DATA SET:  12
 ID DATA ITEM IS DATA ITEM NO.:   1
 DEP VARIABLE IS DATA ITEM NO.:   3
 MDV DATA ITEM IS DATA ITEM NO.:  6
0INDICES PASSED TO SUBROUTINE PRED:
   7   2   4   0   0   0   5   0   0   0   0
0LABELS FOR DATA ITEMS:
 ID TIME DV AMT CMT MDV EVID WT CRCL AGE SEX CENT
0(NONBLANK) LABELS FOR PRED-DEFINED ITEMS:
 CL V IPRED ADD IWRES
0FORMAT FOR DATA:
 (7E10.0/5E10.0)

 TOT. NO. OF OBS RECS:     1100
 TOT. NO. OF INDIVIDUALS:    100
0LENGTH OF THETA:   2
0DEFAULT THETA BOUNDARY TEST OMITTED:    NO
0OMEGA HAS BLOCK FORM:
  1
  1  1
0DEFAULT OMEGA BOUNDARY TEST OMITTED:    NO
0SIGMA HAS SIMPLE DIAGONAL FORM WITH DIMENSION:   1
0DEFAULT SIGMA BOUNDARY TEST OMITTED:    NO
0INITIAL ESTIMATE OF THETA:
 LOWER BOUND    INITIAL EST    UPPER BOUND
  0.2000E+01     0.1000E+02     0.1000E+03
  0.2000E+02     0.1000E+03     0.5000E+03
0INITIAL ESTIMATE OF OMEGA:
 BLOCK SET NO.   BLOCK                                                                    FIXED
        1                                                                                   NO
                  0.2000E+00
                  0.1000E+00   0.2000E+00
0INITIAL ESTIMATE OF SIGMA:
 0.1000E+03
0ESTIMATION STEP OMITTED:           NO
 CONDITIONAL ESTIMATES USED:       YES
 CENTERED ETA:                      NO
 EPS-ETA INTERACTION:              YES
 LAPLACIAN OBJ. FUNC.:              NO
 NO. OF FUNCT. EVALS. ALLOWED:       2000
 NO. OF SIG. FIGURES REQUIRED:       3
 INTERMEDIATE PRINTOUT:            YES
 ESTIMATE OUTPUT TO MSF:            NO
 ABORT WITH PRED EXIT CODE 1:       NO
 IND. OBJ. FUNC. VALUES SORTED:     NO
0COVARIANCE STEP OMITTED:    NO
 EIGENVLS. PRINTED:          NO
 SPECIAL COMPUTATION:        NO
 COMPRESSED FORMAT:          NO
0TABLES STEP OMITTED:    NO
 NO. OF TABLES:           3
0-- TABLE   1 --
04 COLUMNS APPENDED:     NO
 PRINTED:                NO
 HEADERS:               ONE
 FILE TO BE FORWARDED:   NO
0USER-CHOSEN ITEMS:
 ID TIME DV AMT CMT MDV EVID WT CRCL AGE SEX CENT IPRED IWRES
0-- TABLE   2 --
 PRINTED:                NO
 HEADERS:               ONE
 FILE TO BE FORWARDED:   NO
0USER-CHOSEN ITEMS:
 ID TIME DV MDV EVID IPRED IWRES CWRES
0-- TABLE   3 --
 PRINTED:                NO
 HEADERS:               ONE
 FILE TO BE FORWARDED:   NO
0USER-CHOSEN ITEMS:
 CL V ADD

 THE FOLLOWING LABELS ARE EQUIVALENT
 PRED=PREDI
 RES=RESI
 WRES=WRESI
1DOUBLE PRECISION PREDPP VERSION 7.2.0

 ONE COMPARTMENT MODEL (ADVAN1)
0MAXIMUM NO. OF BASIC PK PARAMETERS:   2
0BASIC PK PARAMETERS (AFTER TRANSLATION):
   ELIMINATION RATE (K) IS BASIC PK PARAMETER NO.:  1

 TRANSLATOR WILL CONVERT PARAMETERS
 CLEARANCE (CL) AND VOLUME (V) TO K (TRANS2)
0COMPARTMENT ATTRIBUTES
 COMPT. NO.   FUNCTION   INITIAL    ON/OFF      DOSE      DEFAULT    DEFAULT
                         STATUS     ALLOWED    ALLOWED    FOR DOSE   FOR OBS.
    1         CENTRAL      ON         NO         YES        YES        YES
    2         OUTPUT       OFF        YES        NO         NO         NO
1
 ADDITIONAL PK PARAMETERS - ASSIGNMENT OF ROWS IN GG
 COMPT. NO.                             INDICES
              SCALE      BIOAVAIL.   ZERO-ORDER  ZERO-ORDER  ABSORB
                         FRACTION    RATE        DURATION    LAG
    1           3           *           *           *           *
    2           *           -           -           -           -
             - PARAMETER IS NOT ALLOWED FOR THIS MODEL
             * PARAMETER IS NOT SUPPLIED BY PK SUBROUTINE;
               WILL DEFAULT TO ONE IF APPLICABLE
0DATA ITEM INDICES USED BY PRED ARE:
   EVENT ID DATA ITEM IS DATA ITEM NO.:      7
   TIME DATA ITEM IS DATA ITEM NO.:          2
   DOSE AMOUNT DATA ITEM IS DATA ITEM NO.:   4
   COMPT. NO. DATA ITEM IS DATA ITEM NO.:    5

0PK SUBROUTINE CALLED WITH EVERY EVENT RECORD.
 PK SUBROUTINE NOT CALLED AT NONEVENT (ADDITIONAL OR LAGGED) DOSE TIMES.
0ERROR SUBROUTINE CALLED WITH EVERY EVENT RECORD.
1


 #TBLN:      1
 #METH: First Order Conditional Estimation with Interaction

 MONITORING OF SEARCH:


0ITERATION NO.:    0    OBJECTIVE VALUE:   160968.077965003        NO. OF FUNC. EVALS.:   5
 CUMULATIVE NO. OF FUNC. EVALS.:        5
 NPARAMETR:  1.0000E+01  1.0000E+02  2.0000E-01  1.0000E-01  2.0000E-01  1.0000E+02
 PARAMETER:  1.0000E-01  1.0000E-01  1.0000E-01  1.0000E-01  1.0000E-01  1.0000E-01
 GRADIENT:   2.9600E+02  8.9024E+01  6.5575E+01  2.8608E+00  7.9226E+01 -3.0650E+05

0ITERATION NO.:    1    OBJECTIVE VALUE:   54317.9417221030        NO. OF FUNC. EVALS.:   6
 CUMULATIVE NO. OF FUNC. EVALS.:       11
 NPARAMETR:  9.9957E+00  9.9988E+01  1.9995E-01  9.9982E-02  1.9995E-01  3.3201E+02
 PARAMETER:  9.9421E-02  9.9826E-02  9.9872E-02  9.9994E-02  9.9845E-02  7.0000E-01
 GRADIENT:   2.5907E+02 -4.0027E+01  6.5985E+01  1.2937E+00  7.9493E+01 -9.1001E+04

0ITERATION NO.:    2    OBJECTIVE VALUE:   54231.8804609855        NO. OF FUNC. EVALS.:   6
 CUMULATIVE NO. OF FUNC. EVALS.:       17
 NPARAMETR:  8.0612E+00  1.0801E+02  1.7003E-01  9.1485E-02  1.7261E-01  3.3223E+02
 PARAMETER: -1.9884E-01  2.1562E-01  1.8828E-02  9.9220E-02  2.3271E-03  7.0033E-01
 GRADIENT:   2.0318E+01  2.0008E+02  1.4474E+02 -2.5206E+02  6.6463E+01 -9.0939E+04

0ITERATION NO.:    3    OBJECTIVE VALUE:   54205.4734868571        NO. OF FUNC. EVALS.:   8
 CUMULATIVE NO. OF FUNC. EVALS.:       25
 NPARAMETR:  7.4715E+00  1.0774E+02  1.4653E-01  1.5219E-01  2.6842E-01  3.3234E+02
 PARAMETER: -3.0759E-01  2.1182E-01 -5.5546E-02  1.7781E-01 -5.3523E-02  7.0050E-01
 GRADIENT:  -1.5119E+02  2.7085E+02  8.8184E+01  1.1786E+02  4.7975E+01 -9.0908E+04

0ITERATION NO.:    4    OBJECTIVE VALUE:   54133.1440160399        NO. OF FUNC. EVALS.:   6
 CUMULATIVE NO. OF FUNC. EVALS.:       31
 NPARAMETR:  6.5052E+00  9.2414E+01  7.5240E-02  3.8449E-02  8.4649E-02  3.3291E+02
 PARAMETER: -5.1231E-01 -1.8414E-02 -3.8882E-01  6.2687E-02 -3.1811E-01  7.0135E-01
 GRADIENT:  -2.6004E+02  1.1393E+02 -1.3459E+01 -5.6115E+02 -4.3142E+01 -9.0750E+04

0ITERATION NO.:    5    OBJECTIVE VALUE:   53826.3310384815        NO. OF FUNC. EVALS.:   7
 CUMULATIVE NO. OF FUNC. EVALS.:       38
 NPARAMETR:  7.4443E+00  1.0707E+02  5.6335E-02  3.5562E-02  4.7505E-02  3.3581E+02
 PARAMETER: -3.1287E-01  2.0255E-01 -5.3350E-01  6.7005E-02 -7.9476E-01  7.0569E-01
 GRADIENT:  -4.2357E+02  6.9987E+02  4.5933E+01 -1.2289E+03 -4.6581E+02 -8.9957E+04

0ITERATION NO.:    6    OBJECTIVE VALUE:   29654.6468510112        NO. OF FUNC. EVALS.:   9
 CUMULATIVE NO. OF FUNC. EVALS.:       47
 NPARAMETR:  9.8263E+00  1.2439E+02  2.1869E-02  5.2901E-02  1.7360E-01  7.5783E+02
 PARAMETER:  7.6123E-02  4.2904E-01 -1.0066E+00  1.5998E-01 -4.9496E-01  1.1126E+00
 GRADIENT:   3.7700E+03 -7.4115E+02 -2.2334E+03  9.2002E+03 -8.5093E+02 -3.9098E+04

0ITERATION NO.:    7    OBJECTIVE VALUE:   28471.5386578465        NO. OF FUNC. EVALS.:   6
 CUMULATIVE NO. OF FUNC. EVALS.:       53
 NPARAMETR:  8.3317E+00  9.1083E+01  1.3302E-01  2.0651E-01  3.3550E-01  7.9322E+02
 PARAMETER: -1.5225E-01 -4.0224E-02 -1.0391E-01  2.5322E-01 -1.0549E+00  1.1355E+00
 GRADIENT:   2.3493E+03 -1.3501E+03 -6.9246E+02  3.1368E+03 -9.5329E+02 -3.7270E+04

0ITERATION NO.:    8    OBJECTIVE VALUE:   26082.0854864475        NO. OF FUNC. EVALS.:   7
 CUMULATIVE NO. OF FUNC. EVALS.:       60
 NPARAMETR:  8.0181E+00  1.2549E+02  3.9998E-02  2.5726E-02  1.5820E-01  8.8841E+02
 PARAMETER: -2.0646E-01  4.4246E-01 -7.0474E-01  5.7526E-02  7.1377E-02  1.1921E+00
 GRADIENT:   2.1664E+01  2.9330E+02 -9.5705E+01 -4.4990E+02  2.7431E+01 -3.2868E+04

0ITERATION NO.:    9    OBJECTIVE VALUE:   15712.4410271252        NO. OF FUNC. EVALS.:   8
 CUMULATIVE NO. OF FUNC. EVALS.:       68
 NPARAMETR:  4.8341E+00  9.3917E+01  5.6661E-01  6.9871E-01  9.4974E-01  2.7680E+03
 PARAMETER: -9.9352E-01  5.8244E-03  6.2067E-01  4.1512E-01 -1.6597E-01  1.7604E+00
 GRADIENT:  -8.4649E+02  7.3729E+02 -5.1589E+02  1.5137E+03 -4.9344E+02 -9.3714E+03

0ITERATION NO.:   10    OBJECTIVE VALUE:   14463.3968068394        NO. OF FUNC. EVALS.:   8
 CUMULATIVE NO. OF FUNC. EVALS.:       76
 NPARAMETR:  6.3079E+00  1.0309E+02  1.9191E+00  1.1643E+00  9.6076E-01  3.6519E+03
 PARAMETER: -5.5919E-01  1.4561E-01  1.2307E+00  3.7587E-01  3.6408E-01  1.8989E+00
 GRADIENT:  -6.0646E+01  9.7021E+01  1.8108E+02  1.9670E+01  1.1754E+02 -6.6236E+03

0ITERATION NO.:   11    OBJECTIVE VALUE:   12921.5355454639        NO. OF FUNC. EVALS.:   6
 CUMULATIVE NO. OF FUNC. EVALS.:       82
 NPARAMETR:  6.3390E+00  9.2620E+01  1.4857E+00  6.5169E-01  7.4324E-01  7.7471E+03
 PARAMETER: -5.5166E-01 -1.5067E-02  1.1027E+00  2.3911E-01  6.5744E-01  2.2749E+00
 GRADIENT:  -1.8053E+01  1.0724E+01  1.8873E+02 -1.7738E+01  1.6167E+02 -2.1661E+03

0ITERATION NO.:   12    OBJECTIVE VALUE:   12471.6554645339        NO. OF FUNC. EVALS.:   7
 CUMULATIVE NO. OF FUNC. EVALS.:       89
 NPARAMETR:  6.3553E+00  8.2165E+01  3.4469E-01 -1.2827E-02  5.8679E-01  1.4620E+04
 PARAMETER: -5.4774E-01 -1.9587E-01  3.7216E-01 -9.7705E-03  7.8161E-01  2.5925E+00
 GRADIENT:  -6.8449E+01 -3.9528E+01  1.3716E+02 -1.1727E+02  1.4261E+02 -2.9225E+02

0ITERATION NO.:   13    OBJECTIVE VALUE:   12427.3693565391        NO. OF FUNC. EVALS.:   7
 CUMULATIVE NO. OF FUNC. EVALS.:       96
 NPARAMETR:  6.5421E+00  8.0874E+01  1.5010E-01 -1.1004E-01  6.0689E-01  1.6951E+04
 PARAMETER: -5.0375E-01 -2.1992E-01 -4.3504E-02 -1.2702E-01  7.2755E-01  2.6664E+00
 GRADIENT:  -1.5604E+02 -6.9041E+01  7.3243E+01 -2.5393E+02  8.4659E+01 -1.2312E+01

0ITERATION NO.:   14    OBJECTIVE VALUE:   12399.5697390925        NO. OF FUNC. EVALS.:   6
 CUMULATIVE NO. OF FUNC. EVALS.:      102
 NPARAMETR:  7.4214E+00  8.8270E+01  8.9055E-02 -1.4372E-01  6.2705E-01  1.7630E+04
 PARAMETER: -3.1734E-01 -8.7462E-02 -3.0453E-01 -2.1537E-01  5.8428E-01  2.6861E+00
 GRADIENT:  -4.1088E+01 -3.1849E+01  3.3739E+01 -3.5054E+02  2.7487E+01  3.8001E+01

0ITERATION NO.:   15    OBJECTIVE VALUE:   12381.5572155471        NO. OF FUNC. EVALS.:   6
 CUMULATIVE NO. OF FUNC. EVALS.:      108
 NPARAMETR:  7.3703E+00  9.1096E+01  1.5039E-01 -1.0910E-01  3.8941E-01  1.5826E+04
 PARAMETER: -3.2737E-01 -4.0009E-02 -4.2553E-02 -1.2581E-01  4.6339E-01  2.6321E+00
 GRADIENT:  -4.4402E+01 -3.7148E+01  8.4224E+01 -3.1307E+02  5.3606E+01 -1.3697E+02

0ITERATION NO.:   16    OBJECTIVE VALUE:   12368.5428864941        NO. OF FUNC. EVALS.:   6
 CUMULATIVE NO. OF FUNC. EVALS.:      114
 NPARAMETR:  7.8630E+00  1.0166E+02  2.1532E-01 -3.8268E-02  1.4811E-01  1.4074E+04
 PARAMETER: -2.3424E-01  1.2466E-01  1.3691E-01 -3.6881E-02  7.0141E-02  2.5735E+00
 GRADIENT:   2.3981E+01  4.0840E+01  1.1846E+02 -4.4074E+02 -3.6775E+00 -3.7250E+02

0ITERATION NO.:   17    OBJECTIVE VALUE:   12334.1353135927        NO. OF FUNC. EVALS.:   7
 CUMULATIVE NO. OF FUNC. EVALS.:      121
 NPARAMETR:  7.1707E+00  9.3876E+01  1.6712E-01 -1.9176E-02  1.3422E-01  1.5847E+04
 PARAMETER: -3.6738E-01  5.1669E-03  1.0188E-02 -2.0978E-02  3.6159E-02  2.6328E+00
 GRADIENT:  -5.0306E+01 -4.6113E+01  1.0698E+02 -4.8436E+02 -3.6473E+00 -1.2623E+02

0ITERATION NO.:   18    OBJECTIVE VALUE:   12287.2046895754        NO. OF FUNC. EVALS.:   7
 CUMULATIVE NO. OF FUNC. EVALS.:      128
 NPARAMETR:  6.4391E+00  9.2127E+01  1.7120E-01  1.2056E-01  1.4033E-01  1.6809E+04
 PARAMETER: -5.2780E-01 -2.3092E-02  2.2257E-02  1.3031E-01 -3.9775E-01  2.6622E+00
 GRADIENT:  -1.9774E+02  1.1213E+02  1.0404E+02 -1.5534E+02 -8.8264E+00 -1.2022E+01

0ITERATION NO.:   19    OBJECTIVE VALUE:   12267.8767999593        NO. OF FUNC. EVALS.:   7
 CUMULATIVE NO. OF FUNC. EVALS.:      135
 NPARAMETR:  6.6111E+00  9.1933E+01  1.0035E-01  6.4456E-02  9.1901E-02  1.7780E+04
 PARAMETER: -4.8794E-01 -2.6253E-02 -2.4482E-01  9.0995E-02 -4.4433E-01  2.6903E+00
 GRADIENT:  -1.9647E+02  4.8576E+01  7.9371E+01 -4.8735E+02 -3.0122E+01  9.0114E+01

0ITERATION NO.:   20    OBJECTIVE VALUE:   12229.4549846383        NO. OF FUNC. EVALS.:   7
 CUMULATIVE NO. OF FUNC. EVALS.:      142
 NPARAMETR:  7.0138E+00  9.3811E+01  2.6292E-02  5.5959E-02  1.3406E-01  1.9522E+04
 PARAMETER: -3.9988E-01  4.1274E-03 -9.1453E-01  1.5434E-01 -1.0528E+00  2.7371E+00
 GRADIENT:  -2.5275E+02  5.2020E+01 -2.2769E+01  1.9615E+02  2.9217E+00  1.7796E+02

0ITERATION NO.:   21    OBJECTIVE VALUE:   12217.9057667550        NO. OF FUNC. EVALS.:   7
 CUMULATIVE NO. OF FUNC. EVALS.:      149
 NPARAMETR:  7.4836E+00  9.6958E+01  2.0649E-02  4.5791E-02  1.1431E-01  1.9236E+04
 PARAMETER: -3.0525E-01  5.3657E-02 -1.0353E+00  1.4251E-01 -1.1320E+00  2.7297E+00
 GRADIENT:  -7.7893E+00 -8.2053E+00 -4.3260E+01  1.6318E+02  4.6720E+00  1.5907E+02

0ITERATION NO.:   22    OBJECTIVE VALUE:   12210.0537115302        NO. OF FUNC. EVALS.:   6
 CUMULATIVE NO. OF FUNC. EVALS.:      155
 NPARAMETR:  7.5278E+00  9.7608E+01  2.7482E-02  4.8086E-02  1.0033E-01  1.8364E+04
 PARAMETER: -2.9675E-01  6.3688E-02 -8.9239E-01  1.2972E-01 -1.0131E+00  2.7065E+00
 GRADIENT:  -4.6463E+01  1.8878E+01 -1.8852E+01 -1.0881E+02 -1.7357E+00  1.0057E+02

0ITERATION NO.:   23    OBJECTIVE VALUE:   12206.1372355723        NO. OF FUNC. EVALS.:   6
 CUMULATIVE NO. OF FUNC. EVALS.:      161
 NPARAMETR:  7.6180E+00  9.8349E+01  3.9426E-02  6.0064E-02  1.0993E-01  1.7249E+04
 PARAMETER: -2.7959E-01  7.5020E-02 -7.1194E-01  1.3528E-01 -9.4847E-01  2.6752E+00
 GRADIENT:  -4.9396E+01  3.3174E+01  7.2604E+00 -9.9710E+01 -5.5566E+00  2.5688E-01

0ITERATION NO.:   24    OBJECTIVE VALUE:   12205.6770058956        NO. OF FUNC. EVALS.:   6
 CUMULATIVE NO. OF FUNC. EVALS.:      167
 NPARAMETR:  7.6570E+00  9.8210E+01  3.9094E-02  6.1141E-02  1.1360E-01  1.7191E+04
 PARAMETER: -2.7224E-01  7.2900E-02 -7.1617E-01  1.3829E-01 -9.6070E-01  2.6735E+00
 GRADIENT:  -2.0311E+01  1.6857E+01  1.1061E+00 -3.3265E+01 -3.3423E+00 -8.0011E+00

0ITERATION NO.:   25    OBJECTIVE VALUE:   12205.5519443546        NO. OF FUNC. EVALS.:   6
 CUMULATIVE NO. OF FUNC. EVALS.:      173
 NPARAMETR:  7.6741E+00  9.7868E+01  3.9823E-02  6.2396E-02  1.1590E-01  1.7184E+04
 PARAMETER: -2.6904E-01  6.7669E-02 -7.0694E-01  1.3983E-01 -9.5641E-01  2.6733E+00
 GRADIENT:  -3.4865E+00  4.8873E+00 -2.9692E-01 -2.9429E+00 -2.2746E+00 -8.2335E+00

0ITERATION NO.:   26    OBJECTIVE VALUE:   12205.5119158133        NO. OF FUNC. EVALS.:   6
 CUMULATIVE NO. OF FUNC. EVALS.:      179
 NPARAMETR:  7.6712E+00  9.7298E+01  4.0958E-02  6.3395E-02  1.1700E-01  1.7249E+04
 PARAMETER: -2.6959E-01  5.8912E-02 -6.9289E-01  1.4009E-01 -9.3642E-01  2.6752E+00
 GRADIENT:   4.8313E+00 -5.3332E+00  8.7852E-01  3.3030E+00 -1.5013E+00  1.3168E+00

0ITERATION NO.:   27    OBJECTIVE VALUE:   12205.4949854070        NO. OF FUNC. EVALS.:   6
 CUMULATIVE NO. OF FUNC. EVALS.:      185
 NPARAMETR:  7.6648E+00  9.7514E+01  4.0417E-02  6.2536E-02  1.1572E-01  1.7238E+04
 PARAMETER: -2.7079E-01  6.2238E-02 -6.9953E-01  1.3911E-01 -9.3414E-01  2.6748E+00
 GRADIENT:  -2.5841E+00  5.9835E-01  9.8840E-01 -1.0052E+01 -1.8651E+00  1.0052E-01

0ITERATION NO.:   28    OBJECTIVE VALUE:   12205.4704895252        NO. OF FUNC. EVALS.:   7
 CUMULATIVE NO. OF FUNC. EVALS.:      192
 NPARAMETR:  7.6633E+00  9.7339E+01  4.0847E-02  6.2614E-02  1.1608E-01  1.7231E+04
 PARAMETER: -2.7107E-01  5.9538E-02 -6.9425E-01  1.3855E-01 -9.0495E-01  2.6746E+00
 GRADIENT:   4.3512E-01 -2.8190E+00  1.1462E+00 -8.2213E+00 -1.0321E+00  2.0437E+00

0ITERATION NO.:   29    OBJECTIVE VALUE:   12205.4582253422        NO. OF FUNC. EVALS.:   6
 CUMULATIVE NO. OF FUNC. EVALS.:      198
 NPARAMETR:  7.6626E+00  9.7398E+01  4.0774E-02  6.2339E-02  1.1632E-01  1.7205E+04
 PARAMETER: -2.7120E-01  6.0457E-02 -6.9514E-01  1.3807E-01 -8.8288E-01  2.6739E+00
 GRADIENT:   3.3209E-01 -2.1969E+00  5.2346E-01 -4.9651E+00 -3.0236E-01  8.6035E-01

0ITERATION NO.:   30    OBJECTIVE VALUE:   12205.4547876479        NO. OF FUNC. EVALS.:   6
 CUMULATIVE NO. OF FUNC. EVALS.:      204
 NPARAMETR:  7.6644E+00  9.7521E+01  4.0619E-02  6.2211E-02  1.1656E-01  1.7188E+04
 PARAMETER: -2.7086E-01  6.2341E-02 -6.9704E-01  1.3804E-01 -8.7657E-01  2.6734E+00
 GRADIENT:  -1.4390E-01 -6.7857E-01 -4.7442E-02 -1.1811E+00 -1.2671E-02 -6.9290E-01

0ITERATION NO.:   31    OBJECTIVE VALUE:   12205.4516246315        NO. OF FUNC. EVALS.:   7
 CUMULATIVE NO. OF FUNC. EVALS.:      211
 NPARAMETR:  7.6698E+00  9.7681E+01  4.0595E-02  6.2352E-02  1.1692E-01  1.7190E+04
 PARAMETER: -2.6985E-01  6.4796E-02 -6.9734E-01  1.3840E-01 -8.7952E-01  2.6735E+00
 GRADIENT:  -2.2277E-01  1.0981E+00 -2.3951E-01  2.8181E+00  5.7823E-03 -7.5275E-01

0ITERATION NO.:   32    OBJECTIVE VALUE:   12205.4516086920        NO. OF FUNC. EVALS.:   6
 CUMULATIVE NO. OF FUNC. EVALS.:      217
 NPARAMETR:  7.6684E+00  9.7633E+01  4.0618E-02  6.2322E-02  1.1681E-01  1.7191E+04
 PARAMETER: -2.7012E-01  6.4066E-02 -6.9706E-01  1.3829E-01 -8.7858E-01  2.6735E+00
 GRADIENT:  -1.4792E-01  5.4949E-01 -1.4604E-01  1.5217E+00  1.5799E-03 -5.4145E-01

0ITERATION NO.:   33    OBJECTIVE VALUE:   12205.4516019363        NO. OF FUNC. EVALS.:   6
 CUMULATIVE NO. OF FUNC. EVALS.:      223
 NPARAMETR:  7.6682E+00  9.7626E+01  4.0622E-02  6.2319E-02  1.1680E-01  1.7191E+04
 PARAMETER: -2.7015E-01  6.3966E-02 -6.9700E-01  1.3828E-01 -8.7844E-01  2.6735E+00
 GRADIENT:  -1.3141E-01  4.7173E-01 -1.2884E-01  1.3216E+00  1.1770E-03 -4.8606E-01

0ITERATION NO.:   34    OBJECTIVE VALUE:   12205.4515736830        NO. OF FUNC. EVALS.:   6
 CUMULATIVE NO. OF FUNC. EVALS.:      229
 NPARAMETR:  7.6679E+00  9.7613E+01  4.0634E-02  6.2314E-02  1.1677E-01  1.7192E+04
 PARAMETER: -2.7021E-01  6.3766E-02 -6.9686E-01  1.3825E-01 -8.7813E-01  2.6735E+00
 GRADIENT:  -9.1961E-02  3.1358E-01 -8.9283E-02  8.9475E-01  6.0038E-04 -3.4544E-01

0ITERATION NO.:   35    OBJECTIVE VALUE:   12205.4515621419        NO. OF FUNC. EVALS.:   6
 CUMULATIVE NO. OF FUNC. EVALS.:      235
 NPARAMETR:  7.6677E+00  9.7607E+01  4.0641E-02  6.2312E-02  1.1675E-01  1.7193E+04
 PARAMETER: -2.7024E-01  6.3666E-02 -6.9677E-01  1.3823E-01 -8.7798E-01  2.6735E+00
 GRADIENT:  -7.0022E-02  2.3359E-01 -6.7723E-02  6.7195E-01  3.8767E-04 -2.6480E-01

0ITERATION NO.:   36    OBJECTIVE VALUE:   12205.4515546686        NO. OF FUNC. EVALS.:   6
 CUMULATIVE NO. OF FUNC. EVALS.:      241
 NPARAMETR:  7.6676E+00  9.7600E+01  4.0648E-02  6.2310E-02  1.1674E-01  1.7193E+04
 PARAMETER: -2.7026E-01  6.3566E-02 -6.9669E-01  1.3821E-01 -8.7781E-01  2.6736E+00
 GRADIENT:  -4.6772E-02  1.5305E-01 -4.5092E-02  4.4351E-01  2.1513E-04 -1.7790E-01

0ITERATION NO.:   37    OBJECTIVE VALUE:   12205.4515546686        NO. OF FUNC. EVALS.:   9
 CUMULATIVE NO. OF FUNC. EVALS.:      250
 NPARAMETR:  7.6676E+00  9.7600E+01  4.0648E-02  6.2310E-02  1.1674E-01  1.7193E+04
 PARAMETER: -2.7026E-01  6.3566E-02 -6.9669E-01  1.3821E-01 -8.7781E-01  2.6736E+00
 GRADIENT:  -7.6128E-01 -9.1880E-01 -4.5092E-02  4.4351E-01  2.1513E-04 -6.0759E+00

0ITERATION NO.:   38    OBJECTIVE VALUE:   12205.4461626687        NO. OF FUNC. EVALS.:  11
 CUMULATIVE NO. OF FUNC. EVALS.:      261
 NPARAMETR:  7.6699E+00  9.7653E+01  4.0493E-02  6.2217E-02  1.1663E-01  1.7237E+04
 PARAMETER: -2.6983E-01  6.4366E-02 -6.9860E-01  1.3827E-01 -8.8229E-01  2.6748E+00
 GRADIENT:  -3.5621E-01 -5.2364E-01 -2.6606E-01  4.9045E-01 -1.4667E-02 -1.7059E+00

0ITERATION NO.:   39    OBJECTIVE VALUE:   12205.4452881240        NO. OF FUNC. EVALS.:   9
 CUMULATIVE NO. OF FUNC. EVALS.:      270
 NPARAMETR:  7.6730E+00  9.7705E+01  4.0574E-02  6.2294E-02  1.1667E-01  1.7251E+04
 PARAMETER: -2.6925E-01  6.5172E-02 -6.9760E-01  1.3830E-01 -8.8243E-01  2.6752E+00
 GRADIENT:  -4.1538E-02 -7.2552E-02 -6.7599E-02  1.2208E-02 -8.0684E-03 -7.2108E-02

0ITERATION NO.:   40    OBJECTIVE VALUE:   12205.4452652301        NO. OF FUNC. EVALS.:   9
 CUMULATIVE NO. OF FUNC. EVALS.:      279
 NPARAMETR:  7.6735E+00  9.7713E+01  4.0607E-02  6.2323E-02  1.1670E-01  1.7252E+04
 PARAMETER: -2.6916E-01  6.5295E-02 -6.9719E-01  1.3831E-01 -8.8207E-01  2.6752E+00
 GRADIENT:  -5.7535E-04 -1.0564E-03 -4.4965E-03 -1.1562E-02 -9.8043E-04  1.3832E-02

0ITERATION NO.:   41    OBJECTIVE VALUE:   12205.4452652301        NO. OF FUNC. EVALS.:   6
 CUMULATIVE NO. OF FUNC. EVALS.:      285
 NPARAMETR:  7.6735E+00  9.7713E+01  4.0607E-02  6.2323E-02  1.1670E-01  1.7252E+04
 PARAMETER: -2.6916E-01  6.5295E-02 -6.9719E-01  1.3831E-01 -8.8207E-01  2.6752E+00
 GRADIENT:  -5.7535E-04 -1.0564E-03 -4.4965E-03 -1.1562E-02 -9.8043E-04  1.3832E-02

 #TERM:
0MINIMIZATION SUCCESSFUL
 NO. OF FUNCTION EVALUATIONS USED:      285
 NO. OF SIG. DIGITS IN FINAL EST.:  4.3

 ETABAR IS THE ARITHMETIC MEAN OF THE ETA-ESTIMATES,
 AND THE P-VALUE IS GIVEN FOR THE NULL HYPOTHESIS THAT THE TRUE MEAN IS 0.

 ETABAR:        -2.8157E-03 -4.4729E-03
 SE:             1.8614E-02  3.3272E-02

 P VAL.:         8.7976E-01  8.9306E-01

 ETAshrink(%):   7.1630E+00  2.1100E+00
 EPSshrink(%):   5.6966E+00

 #TERE:
 Elapsed estimation time in seconds:    49.26
 Elapsed covariance time in seconds:    12.57
1
 
 
 
 
 
 
 
 
 
 
 
 
 
 
 
 
 
 
 
 
 ************************************************************************************************************************
 ********************                                                                                ********************
 ********************               FIRST ORDER CONDITIONAL ESTIMATION WITH INTERACTION              ********************
 #OBJT:**************                       MINIMUM VALUE OF OBJECTIVE FUNCTION                      ********************
 ********************                                                                                ********************
 ************************************************************************************************************************
 





 #OBJV:********************************************    12205.445       **************************************************
1
 ************************************************************************************************************************
 ********************                                                                                ********************
 ********************               FIRST ORDER CONDITIONAL ESTIMATION WITH INTERACTION              ********************
 ********************                             FINAL PARAMETER ESTIMATE                           ********************
 ********************                                                                                ********************
 ************************************************************************************************************************
 


 THETA - VECTOR OF FIXED EFFECTS PARAMETERS   *********


         TH 1      TH 2     
 
         7.67E+00  9.77E+01
 


 OMEGA - COV MATRIX FOR RANDOM EFFECTS - ETAS  ********


            ETA1      ETA2   
 
 ETA1
+        4.06E-02
 
 ETA2
+        6.23E-02  1.17E-01
 


 SIGMA - COV MATRIX FOR RANDOM EFFECTS - EPSILONS  ****


            EPS1   
 
 EPS1
+        1.73E+04
 
1


 OMEGA - CORR MATRIX FOR RANDOM EFFECTS - ETAS  *******


            ETA1      ETA2   
 
 ETA1
+        2.02E-01
 
 ETA2
+        9.05E-01  3.42E-01
 


 SIGMA - CORR MATRIX FOR RANDOM EFFECTS - EPSILONS  ***


            EPS1   
 
 EPS1
+        1.31E+02
 
1
 ************************************************************************************************************************
 ********************                                                                                ********************
 ********************               FIRST ORDER CONDITIONAL ESTIMATION WITH INTERACTION              ********************
 ********************                            STANDARD ERROR OF ESTIMATE                          ********************
 ********************                                                                                ********************
 ************************************************************************************************************************
 


 THETA - VECTOR OF FIXED EFFECTS PARAMETERS   *********


         TH 1      TH 2     
 
         2.00E-01  3.44E+00
 


 OMEGA - COV MATRIX FOR RANDOM EFFECTS - ETAS  ********


            ETA1      ETA2   
 
 ETA1
+        8.61E-03
 
 ETA2
+        9.33E-03  1.53E-02
 


 SIGMA - COV MATRIX FOR RANDOM EFFECTS - EPSILONS  ****


            EPS1   
 
 EPS1
+        1.42E+03
 
1


 OMEGA - CORR MATRIX FOR RANDOM EFFECTS - ETAS  *******


            ETA1      ETA2   
 
 ETA1
+        2.14E-02
 
 ETA2
+        5.75E-02  2.24E-02
 


 SIGMA - CORR MATRIX FOR RANDOM EFFECTS - EPSILONS  ***


            EPS1   
 
 EPS1
+        5.39E+00
 
1
 ************************************************************************************************************************
 ********************                                                                                ********************
 ********************               FIRST ORDER CONDITIONAL ESTIMATION WITH INTERACTION              ********************
 ********************                          COVARIANCE MATRIX OF ESTIMATE                         ********************
 ********************                                                                                ********************
 ************************************************************************************************************************
 

            TH 1      TH 2      OM11      OM12      OM22      SG11
 
 TH 1
+        4.00E-02
 
 TH 2
+        4.66E-01  1.19E+01
 
 OM11
+        3.55E-04  6.32E-03  7.42E-05
 
 OM12
+        2.65E-04  4.75E-03  6.14E-05  8.71E-05
 
 OM22
+        3.32E-04  4.75E-03  3.80E-05  9.94E-05  2.35E-04
 
 SG11
+       -1.88E+02 -4.20E+03 -1.58E+00  1.39E+00  4.49E+00  2.00E+06
 
1
 ************************************************************************************************************************
 ********************                                                                                ********************
 ********************               FIRST ORDER CONDITIONAL ESTIMATION WITH INTERACTION              ********************
 ********************                          CORRELATION MATRIX OF ESTIMATE                        ********************
 ********************                                                                                ********************
 ************************************************************************************************************************
 

            TH 1      TH 2      OM11      OM12      OM22      SG11
 
 TH 1
+        2.00E-01
 
 TH 2
+        6.78E-01  3.44E+00
 
 OM11
+        2.06E-01  2.13E-01  8.61E-03
 
 OM12
+        1.42E-01  1.48E-01  7.65E-01  9.33E-03
 
 OM22
+        1.08E-01  8.99E-02  2.88E-01  6.95E-01  1.53E-02
 
 SG11
+       -6.64E-01 -8.62E-01 -1.29E-01  1.05E-01  2.07E-01  1.42E+03
 
1
 ************************************************************************************************************************
 ********************                                                                                ********************
 ********************               FIRST ORDER CONDITIONAL ESTIMATION WITH INTERACTION              ********************
 ********************                      INVERSE COVARIANCE MATRIX OF ESTIMATE                     ********************
 ********************                                                                                ********************
 ************************************************************************************************************************
 

            TH 1      TH 2      OM11      OM12      OM22      SG11
 
 TH 1
+        5.14E+01
 
 TH 2
+       -5.63E-01  4.98E-01
 
 OM11
+       -2.10E+01  2.85E+01  5.01E+04
 
 OM12
+       -4.22E+01 -4.52E+01 -5.10E+04  7.48E+04
 
 OM22
+       -1.15E+02 -1.54E+01  1.08E+04 -1.96E+04  1.22E+04
 
 SG11
+        3.91E-03  1.08E-03  1.08E-01 -1.47E-01 -4.82E-02  3.42E-06
 
Stop Time:
Tue Dec 25 00:05:18 CET 2012
This file was created using /Users/ronkeizer/NONMEM/nm_7.2.0_g/run/nmfe72
Started  Tue Dec 25 00:02:36 2012
Finished Tue Dec 25 00:05:18 2012
